
internal ordering dump 
0 ) 
1 ) 
2 ) 
3 ) 
4 ) 
5 ) 
6 ) 
7 ) 
8 ) 
9 ) 
10 ) 
11 ) 
12 ) 
13 ) 
14 ) 
15 ) 
16 ) 
17 ) 
18 ) 
19 ) 
20 ) 
21 ) 
22 ) 
23 ) 
24 ) 
25 ) 
26 ) 
27 ) 
28 ) 
29 ) 
30 ) 
31 ) 
32 ) 
33 ) 
34 ) 
35 ) 
36 ) 
37 ) 
38 ) 
39 ) 
40 ) 
41 ) 
42 ) 
43 ) 
44 ) 
45 ) 
46 ) 
47 ) 
48 ) 
49 ) 
50 ) 
51 ) 
52 ) 
53 ) 
54 ) 
55 ) 
56 ) 
57 ) 
58 ) 
59 ) 
60 ) 
61 ) 
62 ) 
63 ) 
64 ) 
65 ) 
66 ) 

classical dump 
'mais' = 'but'
'toutes' = 'any'
'les' = '.'
'sais' = 'know'
'anticonstitutionalité' = '?'
'vous' = 'you'
'prêts' = 'ready'
'près' = 'near'
'intérêt' = 'interest'
'un' = 'once'
'en' = 'in'
'.' = '.'
'rien' = 'nothing'
'voici' = 'here'
'mon' = 'my'
'restreint' = 'short'
'appèlerai' = 'would call'
'short' = 'short'
'si' = 'if'
'ici' = 'here'
'fille' = 'daughter'
'êtes' = 'are'
'petit' = 'small'
'simple' = 'simple'
'je' = 'i'
'ne' = 'don't'
'de' = 'from'
'façons' = 'means'
'bof' = 'boaf'
'quatre' = 'four'
'neuf' = 'nine'
'ce' = 'this'
'que' = 'what'
'j'' = 'i''
'l'' = 'the'
'la' = 'the'
'cela' = 'that'
'a' = 'has'
'ma' = 'my'
'sa' = 'her'
'ta' = 'your'
'avec' = 'with'
'truc' = 'thing'
'mère' = 'mother'
'?' = '?'
'français' = 'french'
'deux' = 'two'
'six' = 'six'
'librairie' = 'alhash'
'peut-être' = 'maybe'
'vérifier' = 'verify'
'vocabulaire' = 'vocabulary'
'test' = 'test'
'sept' = 'seven'
'huit' = 'height'
'commence' = 'starts'
'fait' = 'do'
'du' = 'some'
'est' = 'is'
'nonobstant' = '?'
'cinq' = 'five'
'tablette' = 'tablet'
'très' = 'very'
'pour' = 'to'
'trois' = 'three'
'bruit' = 'noise'
'pas' = '.'
